CRITICAL - 2026-06-17 07:01:44 --> Error: Call to undefined function form_open()
[Method: GET, Route: /]
in APPPATH/Views/ChoisirCaisse.php on line 11.
 1 SYSTEMPATH/View/View.php(240): include()
 2 SYSTEMPATH/View/View.php(243): CodeIgniter\View\View->{closure:CodeIgniter\View\View::render():237}()
 3 SYSTEMPATH/Common.php(1250): CodeIgniter\View\View->render('ChoisirCaisse', [], true)
 4 APPPATH/Controllers/AccueilController.php(18): view('ChoisirCaisse', [...])
 5 SYSTEMPATH/CodeIgniter.php(951): App\Controllers\AccueilController->index()
 6 SYSTEMPATH/CodeIgniter.php(497): CodeIgniter\CodeIgniter->runController(Object(App\Controllers\AccueilController))
 7 SYSTEMPATH/CodeIgniter.php(340): CodeIgniter\CodeIgniter->handleRequest(null, Object(Config\Cache), false)
 8 SYSTEMPATH/Boot.php(417): CodeIgniter\CodeIgniter->run()
 9 SYSTEMPATH/Boot.php(68): CodeIgniter\Boot::runCodeIgniter(Object(CodeIgniter\CodeIgniter))
10 FCPATH/index.php(59): CodeIgniter\Boot::bootWeb(Object(Config\Paths))
11 SYSTEMPATH/rewrite.php(44): require_once('/Users/dylan/Documents/App/S4/SI/17-06-26/supermarche/public/index.php')
CRITICAL - 2026-06-17 07:28:19 --> Error: Call to undefined function form_open()
[Method: GET, Route: achat]
in APPPATH/Views/SaisieAchat.php on line 9.
 1 SYSTEMPATH/View/View.php(240): include()
 2 SYSTEMPATH/View/View.php(243): CodeIgniter\View\View->{closure:CodeIgniter\View\View::render():237}()
 3 SYSTEMPATH/Common.php(1250): CodeIgniter\View\View->render('SaisieAchat', [], true)
 4 APPPATH/Controllers/AchatController.php(40): view('SaisieAchat', [...])
 5 SYSTEMPATH/CodeIgniter.php(951): App\Controllers\AchatController->index()
 6 SYSTEMPATH/CodeIgniter.php(497): CodeIgniter\CodeIgniter->runController(Object(App\Controllers\AchatController))
 7 SYSTEMPATH/CodeIgniter.php(340): CodeIgniter\CodeIgniter->handleRequest(null, Object(Config\Cache), false)
 8 SYSTEMPATH/Boot.php(417): CodeIgniter\CodeIgniter->run()
 9 SYSTEMPATH/Boot.php(68): CodeIgniter\Boot::runCodeIgniter(Object(CodeIgniter\CodeIgniter))
10 FCPATH/index.php(59): CodeIgniter\Boot::bootWeb(Object(Config\Paths))
11 SYSTEMPATH/rewrite.php(44): require_once('/Users/dylan/Documents/App/S4/SI/17-06-26/supermarche/public/index.php')
